Gff	Core_gene_1	Core_gene_2	Core_region_size	Core_region_accessory_count
complete_genome_double_chrom_3_larger	A	B	9	0
complete_genome_double_chrom_larger	A	B	9	0
complete_genome_double_chrom_2_larger	A	C	9	0
complete_genome_double_chrom_2_larger	A	I	0	0
complete_genome_double_chrom_3_larger	A	I	0	0
complete_genome_double_chrom_larger	A	I	0	0
complete_genome_double_chrom_2_larger	B	C	9	0
complete_genome_double_chrom_3_larger	B	C	9	0
complete_genome_double_chrom_larger	B	C	9	0
complete_genome_double_chrom_2_larger	B	D	3	0
complete_genome_double_chrom_3_larger	C	D	3	0
complete_genome_double_chrom_larger	C	D	3	0
complete_genome_double_chrom_2_larger	D	J	1	0
complete_genome_double_chrom_3_larger	D	J	0	0
complete_genome_double_chrom_larger	D	J	-3	0
complete_genome_double_chrom_3_larger	E	F	9	0
complete_genome_double_chrom_larger	E	F	9	0
complete_genome_double_chrom_2_larger	E	G	9	0
complete_genome_double_chrom_2_larger	E	K	0	0
complete_genome_double_chrom_3_larger	E	K	0	0
complete_genome_double_chrom_larger	E	K	0	0
complete_genome_double_chrom_2_larger	F	G	9	0
complete_genome_double_chrom_3_larger	F	G	9	0
complete_genome_double_chrom_larger	F	G	9	0
complete_genome_double_chrom_2_larger	F	H	0	0
complete_genome_double_chrom_3_larger	G	H	0	0
complete_genome_double_chrom_larger	G	H	0	0
complete_genome_double_chrom_2_larger	H	L	0	0
complete_genome_double_chrom_3_larger	H	L	0	0
complete_genome_double_chrom_larger	H	L	0	0
complete_genome_double_chrom_2_larger	I	J	1	0
complete_genome_double_chrom_3_larger	I	J	3	0
complete_genome_double_chrom_larger	I	J	1	0
complete_genome_double_chrom_2_larger	K	M	2	0
complete_genome_double_chrom_3_larger	K	M	-698	0
complete_genome_double_chrom_larger	K	M	2	0
complete_genome_double_chrom_2_larger	L	M	0	0
complete_genome_double_chrom_3_larger	L	M	-700	0
complete_genome_double_chrom_larger	L	M	0	0
