##gff-version3
contig_1	.	CDS	1	90	.	.	.	ID=tag_0001;Other_info;locus_tag=tag_0001
contig_1	Panaroo	CDS	100	190	.	+	0	ID=tag_0008;locus_tag=tag_0008;old_locus_tag=0_refound_0;name=Gene_name;annotation=Gene_function
contig_1	.	CDS	200	290	.	.	.	ID=tag_0003;Other_info;locus_tag=tag_0003
contig_1	.	CDS	300	390	.	.	.	ID=tag_0004;Other_info;locus_tag=tag_0004
contig_1	.	CDS	400	490	.	.	.	ID=tag_0005;Other_info;locus_tag=tag_0005
contig_1	.	CDS	500	590	.	.	.	ID=tag_0006;Other_info;locus_tag=tag_0006
contig_1	.	CDS	591	592	.	.	.	ID=tag_0007;Other_info;locus_tag=tag_0007
##FASTA
>contig_1
NNNNNNNNNNNNNNNNNNNNNNNNNNNNNNNNNNNNNNNNNNNNNNNNNNNNNNNNNNNN
NNNNNNNNNNNNNNNNNNNNNNNNNNNNNNNNNNNNNNNCTCTTCCGATCTAATCAAGAT
TGAGAGGAATTGCTGTTTTTATTGGCAAGACAATTTTACTCTTCCGATCTAATCAAGATT
GAGAGGAATTNNNNNNNNNNNNNNNNNNNNNNNNNNNNNNNNNNNNNNNNNNNNNNNNNN
NNNNNNNNNNNNNNNNNNNNNNNNNNNNNNNNNNNNNNNNNNNNNNNNNNNNNNNNNNNN
NNNNNNNNNNNNNNNNNNNNNNNNNNNNNNNNNNNNNNNNNNNNNNNNNNNNNNNNNNNN
NNNNNNNNNNNNNNNNNNNNNNNNNNNNNNNNNNNNNNNNNNNNNNNNNNNNNNNNNNNN
NNNNNNNNNNNNNNNNNNNNNNNNNNNNNNNNNNNNNNNNNNNNNNNNNNNNNNNNNNNN
NNNNNNNNNNNNNNNNNNNNNNNNNNNNNNNNNNNNNNNNNNNNNNNNNNNNNNNNNNNN
NNNNNNNNNNNNNNNNNNNNNNNNNNNNNNNNNNNNNNNNNNNNNNNNNNNNNNNNNNNN

