Gff	Contig	Accessory_count	Intermediate_cunt	low_frequency_count
complete_genome_double_chrom	contig_2	3	0	3
complete_genome_double_chrom_2	contig_2	3	0	3
