Gff	Core_gene_1	Core_gene_2	Core_region_size	Core_region_accessory_count
complete_genome_double_chrom	A	B	9	0
complete_genome_double_chrom_2	A	B	9	0
complete_genome_double_chrom	A	Sequence_break	0	0
complete_genome_double_chrom_2	A	Sequence_break	0	0
complete_genome_double_chrom	B	C	9	0
complete_genome_double_chrom_2	B	C	9	0
complete_genome_double_chrom	C	Sequence_break	10	0
complete_genome_double_chrom_2	C	Sequence_break	10	0
