Gff	Core_gene_1	Core_gene_2	Core_region_size	Core_region_accessory_count
complete_genome_single_chrom	A	B	9	0
genome_single_chrom_larger	A	B	9	0
complete_genome_single_chrom_2	A	E	9	0
complete_genome_single_chrom	A	Sequence_break	0	0
complete_genome_single_chrom_2	A	Sequence_break	0	0
genome_single_chrom_larger	A	Sequence_break	0	0
complete_genome_single_chrom	B	C	9	0
genome_single_chrom_larger	B	C	9	0
complete_genome_single_chrom_2	C	E	9	0
genome_single_chrom_larger	C	E	109	1
complete_genome_single_chrom	C	Sequence_break	10	0
complete_genome_single_chrom_2	C	Sequence_break	10	0
genome_single_chrom_larger	E	Sequence_break	110	2
