Gff	Core_gene_1	Core_gene_2	Core_region_size	Core_region_accessory_count
genome_single_chrom_larger_refound	A	B	9	0
genome_single_chrom_larger_refound_2	A	B	9	0
genome_single_chrom_larger_rearrange	A	C	109	1
complete_genome_single_chrom_2	A	E	9	0
genome_single_chrom_larger_rearrange	B	C	9	0
genome_single_chrom_larger_refound	B	C	9	0
genome_single_chrom_larger_refound_2	B	C	9	0
genome_single_chrom_larger_rearrange	B	E	9	0
complete_genome_single_chrom_2	C	E	9	0
genome_single_chrom_larger_refound	C	E	109	1
complete_genome_single_chrom_2	C	Sequence_break	10	0
genome_single_chrom_larger_refound_2	C	Sequence_break	310	0
genome_single_chrom_larger_rearrange	E	Sequence_break	110	1
genome_single_chrom_larger_refound	E	Sequence_break	110	2
complete_genome_single_chrom_2	Sequence_break	A	0	0
genome_single_chrom_larger_rearrange	Sequence_break	A	0	0
genome_single_chrom_larger_refound	Sequence_break	A	0	0
genome_single_chrom_larger_refound_2	Sequence_break	A	0	0
