Gff	Core_gene_1	Core_gene_2	gene	type
genome_single_chrom_larger	A	F	G	intermediate_frequency
