Gff	Core_gene_1	Core_gene_2	Core_region_size	Core_region_accessory_count
complete_genome_single_chrom	A	B	9	0
genome_single_chrom_larger	A	B	9	0
genome_single_chrom_larger_rearrange	A	C	109	1
complete_genome_single_chrom	B	C	9	0
genome_single_chrom_larger	B	C	9	0
genome_single_chrom_larger_rearrange	B	C	9	0
genome_single_chrom_larger_rearrange	B	E	9	0
genome_single_chrom_larger	C	E	109	1
complete_genome_single_chrom	C	Sequence_break	10	0
genome_single_chrom_larger	E	Sequence_break	110	2
genome_single_chrom_larger_rearrange	E	Sequence_break	110	1
complete_genome_single_chrom	Sequence_break	A	0	0
genome_single_chrom_larger	Sequence_break	A	0	0
genome_single_chrom_larger_rearrange	Sequence_break	A	0	0
