Parent_segment_name,Sub_segment_name,Parent_segment_position,Sub_segment_position,Core_gene
B-C,B-C,1,1,B
B-C,B-C,1,2,C
